// Jest Snapshot v1, https://goo.gl/fbAQLP

exports[`Promise factory createPromise - returns payload as expected 1`] = `
Object {
  "promise": Object {
    "fulfillmentValue": undefined,
    "isFulfilled": false,
    "isRejected": false,
    "rejectionReason": undefined,
  },
  "reject": [Function],
  "resolve": [Function],
}
`;
